20 run - timing_test
 5.98
 5.58
 5.53
 5.49
 5.55
 5.66
 5.51
 5.52
 5.56
 5.52
 5.55
 5.56
 5.49
 5.53
 5.56
 5.56
 5.52
 5.48
 5.52
 5.68
20 run - timing_test.lut
 3.46
 3.47
 3.55
 3.42
 3.51
 3.55
 3.48
 3.42
 3.7
 3.72
 3.5
 3.83
 3.43
 3.43
 3.4
 3.46
 3.44
 3.57
 3.73
 3.48
average norm 5.5675
average lut 3.3545
lut/norm= 0.602515
